
[1m[46m RUN [49m[22m [36mv4.0.18 [39m[90mC:/MASTER_DESARROLLO_CON_IA_BIGSEO/stock-scanner[39m

node.exe : 
[90mstderr[2m | src/t
ests/integration/runSca
nner.test.ts[2m > 
[22m[2mrunScanner 
Integration[2m > 
[22m[2merror 
paths[2m > 
[22m[2msilently 
skips stocks whose 
provider call throws 
an error
En línea: 1 Carácter: 1
+ & "C:\Program 
Files\nodejs/node.exe" 
"C:\Users\phili\AppData
\Roaming\ ...
+ ~~~~~~~~~~~~~~~~~~~~~
~~~~~~~~~~~~~~~~~~~~~~~
~~~~~~~~~~~~~~~~~~~~~~~
~~
    + CategoryInfo     
         : NotSpecifi  
  ed: ([90mstderr[   
 2m...throws an err    
or:String) [], Rem    
oteException
    + FullyQualifiedEr 
   rorId : NativeComm  
  andError
 
[22m[39mError 
scanning ^IBEX: Error: 
Network error
    at makeProvider (C:
/MASTER_DESARROLLO_CON_
IA_BIGSEO/stock-scanner
/src/tests/integration/
runScanner.test.ts:21:3
3)
    at C:/MASTER_DESARR
OLLO_CON_IA_BIGSEO/stoc
k-scanner/src/tests/int
egration/runScanner.tes
t.ts:79:39
    at [90mfile:///C:/
MASTER_DESARROLLO_CON_I
A_BIGSEO/stock-scanner/
[39mnode_modules/[4m@
vitest/runner[24m/dist
/index.js:145:11
    at [90mfile:///C:/
MASTER_DESARROLLO_CON_I
A_BIGSEO/stock-scanner/
[39mnode_modules/[4m@
vitest/runner[24m/dist
/index.js:915:26
    at [90mfile:///C:/
MASTER_DESARROLLO_CON_I
A_BIGSEO/stock-scanner/
[39mnode_modules/[4m@
vitest/runner[24m/dist
/index.js:1243:20
    at new Promise 
(<anonymous>)
    at runWithTimeout 
[90m(file:///C:/MASTER_
DESARROLLO_CON_IA_BIGSE
O/stock-scanner/[39mno
de_modules/[4m@vitest/
runner[24m/dist/index.
js:1209:10[90m)[39m
    at [90mfile:///C:/
MASTER_DESARROLLO_CON_I
A_BIGSEO/stock-scanner/
[39mnode_modules/[4m@
vitest/runner[24m/dist
/index.js:1653:37
    at Traces.$ [90m(f
ile:///C:/MASTER_DESARR
OLLO_CON_IA_BIGSEO/stoc
k-scanner/[39mnode_mod
ules/[4mvitest[24m/di
st/chunks/traces.CCmnQa
NT.js:142:27[90m)[39m
    at trace [90m(file
:///C:/MASTER_DESARROLL
O_CON_IA_BIGSEO/stock-s
canner/[39mnode_module
s/[4mvitest[24m/dist/
chunks/test.B8ej_ZHS.js
:239:21[90m)[39m
Error scanning SAN: 
Error: Network error
    at makeProvider (C:
/MASTER_DESARROLLO_CON_
IA_BIGSEO/stock-scanner
/src/tests/integration/
runScanner.test.ts:21:3
3)
    at C:/MASTER_DESARR
OLLO_CON_IA_BIGSEO/stoc
k-scanner/src/tests/int
egration/runScanner.tes
t.ts:79:39
    at [90mfile:///C:/
MASTER_DESARROLLO_CON_I
A_BIGSEO/stock-scanner/
[39mnode_modules/[4m@
vitest/runner[24m/dist
/index.js:145:11
    at [90mfile:///C:/
MASTER_DESARROLLO_CON_I
A_BIGSEO/stock-scanner/
[39mnode_modules/[4m@
vitest/runner[24m/dist
/index.js:915:26
    at [90mfile:///C:/
MASTER_DESARROLLO_CON_I
A_BIGSEO/stock-scanner/
[39mnode_modules/[4m@
vitest/runner[24m/dist
/index.js:1243:20
    at new Promise 
(<anonymous>)
    at runWithTimeout 
[90m(file:///C:/MASTER_
DESARROLLO_CON_IA_BIGSE
O/stock-scanner/[39mno
de_modules/[4m@vitest/
runner[24m/dist/index.
js:1209:10[90m)[39m
    at [90mfile:///C:/
MASTER_DESARROLLO_CON_I
A_BIGSEO/stock-scanner/
[39mnode_modules/[4m@
vitest/runner[24m/dist
/index.js:1653:37
    at Traces.$ [90m(f
ile:///C:/MASTER_DESARR
OLLO_CON_IA_BIGSEO/stoc
k-scanner/[39mnode_mod
ules/[4mvitest[24m/di
st/chunks/traces.CCmnQa
NT.js:142:27[90m)[39m
    at trace [90m(file
:///C:/MASTER_DESARROLL
O_CON_IA_BIGSEO/stock-s
canner/[39mnode_module
s/[4mvitest[24m/dist/
chunks/test.B8ej_ZHS.js
:239:21[90m)[39m
Error scanning BBVA: 
Error: Network error
    at makeProvider (C:
/MASTER_DESARROLLO_CON_
IA_BIGSEO/stock-scanner
/src/tests/integration/
runScanner.test.ts:21:3
3)
    at C:/MASTER_DESARR
OLLO_CON_IA_BIGSEO/stoc
k-scanner/src/tests/int
egration/runScanner.tes
t.ts:79:39
    at [90mfile:///C:/
MASTER_DESARROLLO_CON_I
A_BIGSEO/stock-scanner/
[39mnode_modules/[4m@
vitest/runner[24m/dist
/index.js:145:11
    at [90mfile:///C:/
MASTER_DESARROLLO_CON_I
A_BIGSEO/stock-scanner/
[39mnode_modules/[4m@
vitest/runner[24m/dist
/index.js:915:26
    at [90mfile:///C:/
MASTER_DESARROLLO_CON_I
A_BIGSEO/stock-scanner/
[39mnode_modules/[4m@
vitest/runner[24m/dist
/index.js:1243:20
    at new Promise 
(<anonymous>)
    at runWithTimeout 
[90m(file:///C:/MASTER_
DESARROLLO_CON_IA_BIGSE
O/stock-scanner/[39mno
de_modules/[4m@vitest/
runner[24m/dist/index.
js:1209:10[90m)[39m
    at [90mfile:///C:/
MASTER_DESARROLLO_CON_I
A_BIGSEO/stock-scanner/
[39mnode_modules/[4m@
vitest/runner[24m/dist
/index.js:1653:37
    at Traces.$ [90m(f
ile:///C:/MASTER_DESARR
OLLO_CON_IA_BIGSEO/stoc
k-scanner/[39mnode_mod
ules/[4mvitest[24m/di
st/chunks/traces.CCmnQa
NT.js:142:27[90m)[39m
    at trace [90m(file
:///C:/MASTER_DESARROLL
O_CON_IA_BIGSEO/stock-s
canner/[39mnode_module
s/[4mvitest[24m/dist/
chunks/test.B8ej_ZHS.js
:239:21[90m)[39m
Error scanning IBE: 
Error: Network error
    at makeProvider (C:
/MASTER_DESARROLLO_CON_
IA_BIGSEO/stock-scanner
/src/tests/integration/
runScanner.test.ts:21:3
3)
    at C:/MASTER_DESARR
OLLO_CON_IA_BIGSEO/stoc
k-scanner/src/tests/int
egration/runScanner.tes
t.ts:79:39
    at [90mfile:///C:/
MASTER_DESARROLLO_CON_I
A_BIGSEO/stock-scanner/
[39mnode_modules/[4m@
vitest/runner[24m/dist
/index.js:145:11
    at [90mfile:///C:/
MASTER_DESARROLLO_CON_I
A_BIGSEO/stock-scanner/
[39mnode_modules/[4m@
vitest/runner[24m/dist
/index.js:915:26
    at [90mfile:///C:/
MASTER_DESARROLLO_CON_I
A_BIGSEO/stock-scanner/
[39mnode_modules/[4m@
vitest/runner[24m/dist
/index.js:1243:20
    at new Promise 
(<anonymous>)
    at runWithTimeout 
[90m(file:///C:/MASTER_
DESARROLLO_CON_IA_BIGSE
O/stock-scanner/[39mno
de_modules/[4m@vitest/
runner[24m/dist/index.
js:1209:10[90m)[39m
    at [90mfile:///C:/
MASTER_DESARROLLO_CON_I
A_BIGSEO/stock-scanner/
[39mnode_modules/[4m@
vitest/runner[24m/dist
/index.js:1653:37
    at Traces.$ [90m(f
ile:///C:/MASTER_DESARR
OLLO_CON_IA_BIGSEO/stoc
k-scanner/[39mnode_mod
ules/[4mvitest[24m/di
st/chunks/traces.CCmnQa
NT.js:142:27[90m)[39m
    at trace [90m(file
:///C:/MASTER_DESARROLL
O_CON_IA_BIGSEO/stock-s
canner/[39mnode_module
s/[4mvitest[24m/dist/
chunks/test.B8ej_ZHS.js
:239:21[90m)[39m
Error scanning ITX: 
Error: Network error
    at makeProvider (C:
/MASTER_DESARROLLO_CON_
IA_BIGSEO/stock-scanner
/src/tests/integration/
runScanner.test.ts:21:3
3)
    at C:/MASTER_DESARR
OLLO_CON_IA_BIGSEO/stoc
k-scanner/src/tests/int
egration/runScanner.tes
t.ts:79:39
    at [90mfile:///C:/
MASTER_DESARROLLO_CON_I
A_BIGSEO/stock-scanner/
[39mnode_modules/[4m@
vitest/runner[24m/dist
/index.js:145:11
    at [90mfile:///C:/
MASTER_DESARROLLO_CON_I
A_BIGSEO/stock-scanner/
[39mnode_modules/[4m@
vitest/runner[24m/dist
/index.js:915:26
    at [90mfile:///C:/
MASTER_DESARROLLO_CON_I
A_BIGSEO/stock-scanner/
[39mnode_modules/[4m@
vitest/runner[24m/dist
/index.js:1243:20
    at new Promise 
(<anonymous>)
    at runWithTimeout 
[90m(file:///C:/MASTER_
DESARROLLO_CON_IA_BIGSE
O/stock-scanner/[39mno
de_modules/[4m@vitest/
runner[24m/dist/index.
js:1209:10[90m)[39m
    at [90mfile:///C:/
MASTER_DESARROLLO_CON_I
A_BIGSEO/stock-scanner/
[39mnode_modules/[4m@
vitest/runner[24m/dist
/index.js:1653:37
    at Traces.$ [90m(f
ile:///C:/MASTER_DESARR
OLLO_CON_IA_BIGSEO/stoc
k-scanner/[39mnode_mod
ules/[4mvitest[24m/di
st/chunks/traces.CCmnQa
NT.js:142:27[90m)[39m
    at trace [90m(file
:///C:/MASTER_DESARROLL
O_CON_IA_BIGSEO/stock-s
canner/[39mnode_module
s/[4mvitest[24m/dist/
chunks/test.B8ej_ZHS.js
:239:21[90m)[39m
Error scanning TEF: 
Error: Network error
    at makeProvider (C:
/MASTER_DESARROLLO_CON_
IA_BIGSEO/stock-scanner
/src/tests/integration/
runScanner.test.ts:21:3
3)
    at C:/MASTER_DESARR
OLLO_CON_IA_BIGSEO/stoc
k-scanner/src/tests/int
egration/runScanner.tes
t.ts:79:39
    at [90mfile:///C:/
MASTER_DESARROLLO_CON_I
A_BIGSEO/stock-scanner/
[39mnode_modules/[4m@
vitest/runner[24m/dist
/index.js:145:11
    at [90mfile:///C:/
MASTER_DESARROLLO_CON_I
A_BIGSEO/stock-scanner/
[39mnode_modules/[4m@
vitest/runner[24m/dist
/index.js:915:26
    at [90mfile:///C:/
MASTER_DESARROLLO_CON_I
A_BIGSEO/stock-scanner/
[39mnode_modules/[4m@
vitest/runner[24m/dist
/index.js:1243:20
    at new Promise 
(<anonymous>)
    at runWithTimeout 
[90m(file:///C:/MASTER_
DESARROLLO_CON_IA_BIGSE
O/stock-scanner/[39mno
de_modules/[4m@vitest/
runner[24m/dist/index.
js:1209:10[90m)[39m
    at [90mfile:///C:/
MASTER_DESARROLLO_CON_I
A_BIGSEO/stock-scanner/
[39mnode_modules/[4m@
vitest/runner[24m/dist
/index.js:1653:37
    at Traces.$ [90m(f
ile:///C:/MASTER_DESARR
OLLO_CON_IA_BIGSEO/stoc
k-scanner/[39mnode_mod
ules/[4mvitest[24m/di
st/chunks/traces.CCmnQa
NT.js:142:27[90m)[39m
    at trace [90m(file
:///C:/MASTER_DESARROLL
O_CON_IA_BIGSEO/stock-s
canner/[39mnode_module
s/[4mvitest[24m/dist/
chunks/test.B8ej_ZHS.js
:239:21[90m)[39m
Error scanning REP: 
Error: Network error
    at makeProvider (C:
/MASTER_DESARROLLO_CON_
IA_BIGSEO/stock-scanner
/src/tests/integration/
runScanner.test.ts:21:3
3)
    at C:/MASTER_DESARR
OLLO_CON_IA_BIGSEO/stoc
k-scanner/src/tests/int
egration/runScanner.tes
t.ts:79:39
    at [90mfile:///C:/
MASTER_DESARROLLO_CON_I
A_BIGSEO/stock-scanner/
[39mnode_modules/[4m@
vitest/runner[24m/dist
/index.js:145:11
    at [90mfile:///C:/
MASTER_DESARROLLO_CON_I
A_BIGSEO/stock-scanner/
[39mnode_modules/[4m@
vitest/runner[24m/dist
/index.js:915:26
    at [90mfile:///C:/
MASTER_DESARROLLO_CON_I
A_BIGSEO/stock-scanner/
[39mnode_modules/[4m@
vitest/runner[24m/dist
/index.js:1243:20
    at new Promise 
(<anonymous>)
    at runWithTimeout 
[90m(file:///C:/MASTER_
DESARROLLO_CON_IA_BIGSE
O/stock-scanner/[39mno
de_modules/[4m@vitest/
runner[24m/dist/index.
js:1209:10[90m)[39m
    at [90mfile:///C:/
MASTER_DESARROLLO_CON_I
A_BIGSEO/stock-scanner/
[39mnode_modules/[4m@
vitest/runner[24m/dist
/index.js:1653:37
    at Traces.$ [90m(f
ile:///C:/MASTER_DESARR
OLLO_CON_IA_BIGSEO/stoc
k-scanner/[39mnode_mod
ules/[4mvitest[24m/di
st/chunks/traces.CCmnQa
NT.js:142:27[90m)[39m
    at trace [90m(file
:///C:/MASTER_DESARROLL
O_CON_IA_BIGSEO/stock-s
canner/[39mnode_module
s/[4mvitest[24m/dist/
chunks/test.B8ej_ZHS.js
:239:21[90m)[39m
Error scanning CABK: 
Error: Network error
    at makeProvider (C:
/MASTER_DESARROLLO_CON_
IA_BIGSEO/stock-scanner
/src/tests/integration/
runScanner.test.ts:21:3
3)
    at C:/MASTER_DESARR
OLLO_CON_IA_BIGSEO/stoc
k-scanner/src/tests/int
egration/runScanner.tes
t.ts:79:39
    at [90mfile:///C:/
MASTER_DESARROLLO_CON_I
A_BIGSEO/stock-scanner/
[39mnode_modules/[4m@
vitest/runner[24m/dist
/index.js:145:11
    at [90mfile:///C:/
MASTER_DESARROLLO_CON_I
A_BIGSEO/stock-scanner/
[39mnode_modules/[4m@
vitest/runner[24m/dist
/index.js:915:26
    at [90mfile:///C:/
MASTER_DESARROLLO_CON_I
A_BIGSEO/stock-scanner/
[39mnode_modules/[4m@
vitest/runner[24m/dist
/index.js:1243:20
    at new Promise 
(<anonymous>)
    at runWithTimeout 
[90m(file:///C:/MASTER_
DESARROLLO_CON_IA_BIGSE
O/stock-scanner/[39mno
de_modules/[4m@vitest/
runner[24m/dist/index.
js:1209:10[90m)[39m
    at [90mfile:///C:/
MASTER_DESARROLLO_CON_I
A_BIGSEO/stock-scanner/
[39mnode_modules/[4m@
vitest/runner[24m/dist
/index.js:1653:37
    at Traces.$ [90m(f
ile:///C:/MASTER_DESARR
OLLO_CON_IA_BIGSEO/stoc
k-scanner/[39mnode_mod
ules/[4mvitest[24m/di
st/chunks/traces.CCmnQa
NT.js:142:27[90m)[39m
    at trace [90m(file
:///C:/MASTER_DESARROLL
O_CON_IA_BIGSEO/stock-s
canner/[39mnode_module
s/[4mvitest[24m/dist/
chunks/test.B8ej_ZHS.js
:239:21[90m)[39m
Error scanning ACS: 
Error: Network error
    at makeProvider (C:
/MASTER_DESARROLLO_CON_
IA_BIGSEO/stock-scanner
/src/tests/integration/
runScanner.test.ts:21:3
3)
    at C:/MASTER_DESARR
OLLO_CON_IA_BIGSEO/stoc
k-scanner/src/tests/int
egration/runScanner.tes
t.ts:79:39
    at [90mfile:///C:/
MASTER_DESARROLLO_CON_I
A_BIGSEO/stock-scanner/
[39mnode_modules/[4m@
vitest/runner[24m/dist
/index.js:145:11
    at [90mfile:///C:/
MASTER_DESARROLLO_CON_I
A_BIGSEO/stock-scanner/
[39mnode_modules/[4m@
vitest/runner[24m/dist
/index.js:915:26
    at [90mfile:///C:/
MASTER_DESARROLLO_CON_I
A_BIGSEO/stock-scanner/
[39mnode_modules/[4m@
vitest/runner[24m/dist
/index.js:1243:20
    at new Promise 
(<anonymous>)
    at runWithTimeout 
[90m(file:///C:/MASTER_
DESARROLLO_CON_IA_BIGSE
O/stock-scanner/[39mno
de_modules/[4m@vitest/
runner[24m/dist/index.
js:1209:10[90m)[39m
    at [90mfile:///C:/
MASTER_DESARROLLO_CON_I
A_BIGSEO/stock-scanner/
[39mnode_modules/[4m@
vitest/runner[24m/dist
/index.js:1653:37
    at Traces.$ [90m(f
ile:///C:/MASTER_DESARR
OLLO_CON_IA_BIGSEO/stoc
k-scanner/[39mnode_mod
ules/[4mvitest[24m/di
st/chunks/traces.CCmnQa
NT.js:142:27[90m)[39m
    at trace [90m(file
:///C:/MASTER_DESARROLL
O_CON_IA_BIGSEO/stock-s
canner/[39mnode_module
s/[4mvitest[24m/dist/
chunks/test.B8ej_ZHS.js
:239:21[90m)[39m
Error scanning FER: 
Error: Network error
    at makeProvider (C:
/MASTER_DESARROLLO_CON_
IA_BIGSEO/stock-scanner
/src/tests/integration/
runScanner.test.ts:21:3
3)
    at C:/MASTER_DESARR
OLLO_CON_IA_BIGSEO/stoc
k-scanner/src/tests/int
egration/runScanner.tes
t.ts:79:39
    at [90mfile:///C:/
MASTER_DESARROLLO_CON_I
A_BIGSEO/stock-scanner/
[39mnode_modules/[4m@
vitest/runner[24m/dist
/index.js:145:11
    at [90mfile:///C:/
MASTER_DESARROLLO_CON_I
A_BIGSEO/stock-scanner/
[39mnode_modules/[4m@
vitest/runner[24m/dist
/index.js:915:26
    at [90mfile:///C:/
MASTER_DESARROLLO_CON_I
A_BIGSEO/stock-scanner/
[39mnode_modules/[4m@
vitest/runner[24m/dist
/index.js:1243:20
    at new Promise 
(<anonymous>)
    at runWithTimeout 
[90m(file:///C:/MASTER_
DESARROLLO_CON_IA_BIGSE
O/stock-scanner/[39mno
de_modules/[4m@vitest/
runner[24m/dist/index.
js:1209:10[90m)[39m
    at [90mfile:///C:/
MASTER_DESARROLLO_CON_I
A_BIGSEO/stock-scanner/
[39mnode_modules/[4m@
vitest/runner[24m/dist
/index.js:1653:37
    at Traces.$ [90m(f
ile:///C:/MASTER_DESARR
OLLO_CON_IA_BIGSEO/stoc
k-scanner/[39mnode_mod
ules/[4mvitest[24m/di
st/chunks/traces.CCmnQa
NT.js:142:27[90m)[39m
    at trace [90m(file
:///C:/MASTER_DESARROLL
O_CON_IA_BIGSEO/stock-s
canner/[39mnode_module
s/[4mvitest[24m/dist/
chunks/test.B8ej_ZHS.js
:239:21[90m)[39m
Error scanning ENG: 
Error: Network error
    at makeProvider (C:
/MASTER_DESARROLLO_CON_
IA_BIGSEO/stock-scanner
/src/tests/integration/
runScanner.test.ts:21:3
3)
    at C:/MASTER_DESARR
OLLO_CON_IA_BIGSEO/stoc
k-scanner/src/tests/int
egration/runScanner.tes
t.ts:79:39
    at [90mfile:///C:/
MASTER_DESARROLLO_CON_I
A_BIGSEO/stock-scanner/
[39mnode_modules/[4m@
vitest/runner[24m/dist
/index.js:145:11
    at [90mfile:///C:/
MASTER_DESARROLLO_CON_I
A_BIGSEO/stock-scanner/
[39mnode_modules/[4m@
vitest/runner[24m/dist
/index.js:915:26
    at [90mfile:///C:/
MASTER_DESARROLLO_CON_I
A_BIGSEO/stock-scanner/
[39mnode_modules/[4m@
vitest/runner[24m/dist
/index.js:1243:20
    at new Promise 
(<anonymous>)
    at runWithTimeout 
[90m(file:///C:/MASTER_
DESARROLLO_CON_IA_BIGSE
O/stock-scanner/[39mno
de_modules/[4m@vitest/
runner[24m/dist/index.
js:1209:10[90m)[39m
    at [90mfile:///C:/
MASTER_DESARROLLO_CON_I
A_BIGSEO/stock-scanner/
[39mnode_modules/[4m@
vitest/runner[24m/dist
/index.js:1653:37
    at Traces.$ [90m(f
ile:///C:/MASTER_DESARR
OLLO_CON_IA_BIGSEO/stoc
k-scanner/[39mnode_mod
ules/[4mvitest[24m/di
st/chunks/traces.CCmnQa
NT.js:142:27[90m)[39m
    at trace [90m(file
:///C:/MASTER_DESARROLL
O_CON_IA_BIGSEO/stock-s
canner/[39mnode_module
s/[4mvitest[24m/dist/
chunks/test.B8ej_ZHS.js
:239:21[90m)[39m
Error scanning IAG: 
Error: Network error
    at makeProvider (C:
/MASTER_DESARROLLO_CON_
IA_BIGSEO/stock-scanner
/src/tests/integration/
runScanner.test.ts:21:3
3)
    at C:/MASTER_DESARR
OLLO_CON_IA_BIGSEO/stoc
k-scanner/src/tests/int
egration/runScanner.tes
t.ts:79:39
    at [90mfile:///C:/
MASTER_DESARROLLO_CON_I
A_BIGSEO/stock-scanner/
[39mnode_modules/[4m@
vitest/runner[24m/dist
/index.js:145:11
    at [90mfile:///C:/
MASTER_DESARROLLO_CON_I
A_BIGSEO/stock-scanner/
[39mnode_modules/[4m@
vitest/runner[24m/dist
/index.js:915:26
    at [90mfile:///C:/
MASTER_DESARROLLO_CON_I
A_BIGSEO/stock-scanner/
[39mnode_modules/[4m@
vitest/runner[24m/dist
/index.js:1243:20
    at new Promise 
(<anonymous>)
    at runWithTimeout 
[90m(file:///C:/MASTER_
DESARROLLO_CON_IA_BIGSE
O/stock-scanner/[39mno
de_modules/[4m@vitest/
runner[24m/dist/index.
js:1209:10[90m)[39m
    at [90mfile:///C:/
MASTER_DESARROLLO_CON_I
A_BIGSEO/stock-scanner/
[39mnode_modules/[4m@
vitest/runner[24m/dist
/index.js:1653:37
    at Traces.$ [90m(f
ile:///C:/MASTER_DESARR
OLLO_CON_IA_BIGSEO/stoc
k-scanner/[39mnode_mod
ules/[4mvitest[24m/di
st/chunks/traces.CCmnQa
NT.js:142:27[90m)[39m
    at trace [90m(file
:///C:/MASTER_DESARROLL
O_CON_IA_BIGSEO/stock-s
canner/[39mnode_module
s/[4mvitest[24m/dist/
chunks/test.B8ej_ZHS.js
:239:21[90m)[39m
Error scanning ELE: 
Error: Network error
    at makeProvider (C:
/MASTER_DESARROLLO_CON_
IA_BIGSEO/stock-scanner
/src/tests/integration/
runScanner.test.ts:21:3
3)
    at C:/MASTER_DESARR
OLLO_CON_IA_BIGSEO/stoc
k-scanner/src/tests/int
egration/runScanner.tes
t.ts:79:39
    at [90mfile:///C:/
MASTER_DESARROLLO_CON_I
A_BIGSEO/stock-scanner/
[39mnode_modules/[4m@
vitest/runner[24m/dist
/index.js:145:11
    at [90mfile:///C:/
MASTER_DESARROLLO_CON_I
A_BIGSEO/stock-scanner/
[39mnode_modules/[4m@
vitest/runner[24m/dist
/index.js:915:26
    at [90mfile:///C:/
MASTER_DESARROLLO_CON_I
A_BIGSEO/stock-scanner/
[39mnode_modules/[4m@
vitest/runner[24m/dist
/index.js:1243:20
    at new Promise 
(<anonymous>)
    at runWithTimeout 
[90m(file:///C:/MASTER_
DESARROLLO_CON_IA_BIGSE
O/stock-scanner/[39mno
de_modules/[4m@vitest/
runner[24m/dist/index.
js:1209:10[90m)[39m
    at [90mfile:///C:/
MASTER_DESARROLLO_CON_I
A_BIGSEO/stock-scanner/
[39mnode_modules/[4m@
vitest/runner[24m/dist
/index.js:1653:37
    at Traces.$ [90m(f
ile:///C:/MASTER_DESARR
OLLO_CON_IA_BIGSEO/stoc
k-scanner/[39mnode_mod
ules/[4mvitest[24m/di
st/chunks/traces.CCmnQa
NT.js:142:27[90m)[39m
    at trace [90m(file
:///C:/MASTER_DESARROLL
O_CON_IA_BIGSEO/stock-s
canner/[39mnode_module
s/[4mvitest[24m/dist/
chunks/test.B8ej_ZHS.js
:239:21[90m)[39m
Error scanning AENA: 
Error: Network error
    at makeProvider (C:
/MASTER_DESARROLLO_CON_
IA_BIGSEO/stock-scanner
/src/tests/integration/
runScanner.test.ts:21:3
3)
    at C:/MASTER_DESARR
OLLO_CON_IA_BIGSEO/stoc
k-scanner/src/tests/int
egration/runScanner.tes
t.ts:79:39
    at [90mfile:///C:/
MASTER_DESARROLLO_CON_I
A_BIGSEO/stock-scanner/
[39mnode_modules/[4m@
vitest/runner[24m/dist
/index.js:145:11
    at [90mfile:///C:/
MASTER_DESARROLLO_CON_I
A_BIGSEO/stock-scanner/
[39mnode_modules/[4m@
vitest/runner[24m/dist
/index.js:915:26
    at [90mfile:///C:/
MASTER_DESARROLLO_CON_I
A_BIGSEO/stock-scanner/
[39mnode_modules/[4m@
vitest/runner[24m/dist
/index.js:1243:20
    at new Promise 
(<anonymous>)
    at runWithTimeout 
[90m(file:///C:/MASTER_
DESARROLLO_CON_IA_BIGSE
O/stock-scanner/[39mno
de_modules/[4m@vitest/
runner[24m/dist/index.
js:1209:10[90m)[39m
    at [90mfile:///C:/
MASTER_DESARROLLO_CON_I
A_BIGSEO/stock-scanner/
[39mnode_modules/[4m@
vitest/runner[24m/dist
/index.js:1653:37
    at Traces.$ [90m(f
ile:///C:/MASTER_DESARR
OLLO_CON_IA_BIGSEO/stoc
k-scanner/[39mnode_mod
ules/[4mvitest[24m/di
st/chunks/traces.CCmnQa
NT.js:142:27[90m)[39m
    at trace [90m(file
:///C:/MASTER_DESARROLL
O_CON_IA_BIGSEO/stock-s
canner/[39mnode_module
s/[4mvitest[24m/dist/
chunks/test.B8ej_ZHS.js
:239:21[90m)[39m
Error scanning MAP: 
Error: Network error
    at makeProvider (C:
/MASTER_DESARROLLO_CON_
IA_BIGSEO/stock-scanner
/src/tests/integration/
runScanner.test.ts:21:3
3)
    at C:/MASTER_DESARR
OLLO_CON_IA_BIGSEO/stoc
k-scanner/src/tests/int
egration/runScanner.tes
t.ts:79:39
    at [90mfile:///C:/
MASTER_DESARROLLO_CON_I
A_BIGSEO/stock-scanner/
[39mnode_modules/[4m@
vitest/runner[24m/dist
/index.js:145:11
    at [90mfile:///C:/
MASTER_DESARROLLO_CON_I
A_BIGSEO/stock-scanner/
[39mnode_modules/[4m@
vitest/runner[24m/dist
/index.js:915:26
    at [90mfile:///C:/
MASTER_DESARROLLO_CON_I
A_BIGSEO/stock-scanner/
[39mnode_modules/[4m@
vitest/runner[24m/dist
/index.js:1243:20
    at new Promise 
(<anonymous>)
    at runWithTimeout 
[90m(file:///C:/MASTER_
DESARROLLO_CON_IA_BIGSE
O/stock-scanner/[39mno
de_modules/[4m@vitest/
runner[24m/dist/index.
js:1209:10[90m)[39m
    at [90mfile:///C:/
MASTER_DESARROLLO_CON_I
A_BIGSEO/stock-scanner/
[39mnode_modules/[4m@
vitest/runner[24m/dist
/index.js:1653:37
    at Traces.$ [90m(f
ile:///C:/MASTER_DESARR
OLLO_CON_IA_BIGSEO/stoc
k-scanner/[39mnode_mod
ules/[4mvitest[24m/di
st/chunks/traces.CCmnQa
NT.js:142:27[90m)[39m
    at trace [90m(file
:///C:/MASTER_DESARROLL
O_CON_IA_BIGSEO/stock-s
canner/[39mnode_module
s/[4mvitest[24m/dist/
chunks/test.B8ej_ZHS.js
:239:21[90m)[39m
Error scanning GRF: 
Error: Network error
    at makeProvider (C:
/MASTER_DESARROLLO_CON_
IA_BIGSEO/stock-scanner
/src/tests/integration/
runScanner.test.ts:21:3
3)
    at C:/MASTER_DESARR
OLLO_CON_IA_BIGSEO/stoc
k-scanner/src/tests/int
egration/runScanner.tes
t.ts:79:39
    at [90mfile:///C:/
MASTER_DESARROLLO_CON_I
A_BIGSEO/stock-scanner/
[39mnode_modules/[4m@
vitest/runner[24m/dist
/index.js:145:11
    at [90mfile:///C:/
MASTER_DESARROLLO_CON_I
A_BIGSEO/stock-scanner/
[39mnode_modules/[4m@
vitest/runner[24m/dist
/index.js:915:26
    at [90mfile:///C:/
MASTER_DESARROLLO_CON_I
A_BIGSEO/stock-scanner/
[39mnode_modules/[4m@
vitest/runner[24m/dist
/index.js:1243:20
    at new Promise 
(<anonymous>)
    at runWithTimeout 
[90m(file:///C:/MASTER_
DESARROLLO_CON_IA_BIGSE
O/stock-scanner/[39mno
de_modules/[4m@vitest/
runner[24m/dist/index.
js:1209:10[90m)[39m
    at [90mfile:///C:/
MASTER_DESARROLLO_CON_I
A_BIGSEO/stock-scanner/
[39mnode_modules/[4m@
vitest/runner[24m/dist
/index.js:1653:37
    at Traces.$ [90m(f
ile:///C:/MASTER_DESARR
OLLO_CON_IA_BIGSEO/stoc
k-scanner/[39mnode_mod
ules/[4mvitest[24m/di
st/chunks/traces.CCmnQa
NT.js:142:27[90m)[39m
    at trace [90m(file
:///C:/MASTER_DESARROLL
O_CON_IA_BIGSEO/stock-s
canner/[39mnode_module
s/[4mvitest[24m/dist/
chunks/test.B8ej_ZHS.js
:239:21[90m)[39m
Error scanning ACX: 
Error: Network error
    at makeProvider (C:
/MASTER_DESARROLLO_CON_
IA_BIGSEO/stock-scanner
/src/tests/integration/
runScanner.test.ts:21:3
3)
    at C:/MASTER_DESARR
OLLO_CON_IA_BIGSEO/stoc
k-scanner/src/tests/int
egration/runScanner.tes
t.ts:79:39
    at [90mfile:///C:/
MASTER_DESARROLLO_CON_I
A_BIGSEO/stock-scanner/
[39mnode_modules/[4m@
vitest/runner[24m/dist
/index.js:145:11
    at [90mfile:///C:/
MASTER_DESARROLLO_CON_I
A_BIGSEO/stock-scanner/
[39mnode_modules/[4m@
vitest/runner[24m/dist
/index.js:915:26
    at [90mfile:///C:/
MASTER_DESARROLLO_CON_I
A_BIGSEO/stock-scanner/
[39mnode_modules/[4m@
vitest/runner[24m/dist
/index.js:1243:20
    at new Promise 
(<anonymous>)
    at runWithTimeout 
[90m(file:///C:/MASTER_
DESARROLLO_CON_IA_BIGSE
O/stock-scanner/[39mno
de_modules/[4m@vitest/
runner[24m/dist/index.
js:1209:10[90m)[39m
    at [90mfile:///C:/
MASTER_DESARROLLO_CON_I
A_BIGSEO/stock-scanner/
[39mnode_modules/[4m@
vitest/runner[24m/dist
/index.js:1653:37
    at Traces.$ [90m(f
ile:///C:/MASTER_DESARR
OLLO_CON_IA_BIGSEO/stoc
k-scanner/[39mnode_mod
ules/[4mvitest[24m/di
st/chunks/traces.CCmnQa
NT.js:142:27[90m)[39m
    at trace [90m(file
:///C:/MASTER_DESARROLL
O_CON_IA_BIGSEO/stock-s
canner/[39mnode_module
s/[4mvitest[24m/dist/
chunks/test.B8ej_ZHS.js
:239:21[90m)[39m
Error scanning AMS: 
Error: Network error
    at makeProvider (C:
/MASTER_DESARROLLO_CON_
IA_BIGSEO/stock-scanner
/src/tests/integration/
runScanner.test.ts:21:3
3)
    at C:/MASTER_DESARR
OLLO_CON_IA_BIGSEO/stoc
k-scanner/src/tests/int
egration/runScanner.tes
t.ts:79:39
    at [90mfile:///C:/
MASTER_DESARROLLO_CON_I
A_BIGSEO/stock-scanner/
[39mnode_modules/[4m@
vitest/runner[24m/dist
/index.js:145:11
    at [90mfile:///C:/
MASTER_DESARROLLO_CON_I
A_BIGSEO/stock-scanner/
[39mnode_modules/[4m@
vitest/runner[24m/dist
/index.js:915:26
    at [90mfile:///C:/
MASTER_DESARROLLO_CON_I
A_BIGSEO/stock-scanner/
[39mnode_modules/[4m@
vitest/runner[24m/dist
/index.js:1243:20
    at new Promise 
(<anonymous>)
    at runWithTimeout 
[90m(file:///C:/MASTER_
DESARROLLO_CON_IA_BIGSE
O/stock-scanner/[39mno
de_modules/[4m@vitest/
runner[24m/dist/index.
js:1209:10[90m)[39m
    at [90mfile:///C:/
MASTER_DESARROLLO_CON_I
A_BIGSEO/stock-scanner/
[39mnode_modules/[4m@
vitest/runner[24m/dist
/index.js:1653:37
    at Traces.$ [90m(f
ile:///C:/MASTER_DESARR
OLLO_CON_IA_BIGSEO/stoc
k-scanner/[39mnode_mod
ules/[4mvitest[24m/di
st/chunks/traces.CCmnQa
NT.js:142:27[90m)[39m
    at trace [90m(file
:///C:/MASTER_DESARROLL
O_CON_IA_BIGSEO/stock-s
canner/[39mnode_module
s/[4mvitest[24m/dist/
chunks/test.B8ej_ZHS.js
:239:21[90m)[39m
Error scanning BKT: 
Error: Network error
    at makeProvider (C:
/MASTER_DESARROLLO_CON_
IA_BIGSEO/stock-scanner
/src/tests/integration/
runScanner.test.ts:21:3
3)
    at C:/MASTER_DESARR
OLLO_CON_IA_BIGSEO/stoc
k-scanner/src/tests/int
egration/runScanner.tes
t.ts:79:39
    at [90mfile:///C:/
MASTER_DESARROLLO_CON_I
A_BIGSEO/stock-scanner/
[39mnode_modules/[4m@
vitest/runner[24m/dist
/index.js:145:11
    at [90mfile:///C:/
MASTER_DESARROLLO_CON_I
A_BIGSEO/stock-scanner/
[39mnode_modules/[4m@
vitest/runner[24m/dist
/index.js:915:26
    at [90mfile:///C:/
MASTER_DESARROLLO_CON_I
A_BIGSEO/stock-scanner/
[39mnode_modules/[4m@
vitest/runner[24m/dist
/index.js:1243:20
    at new Promise 
(<anonymous>)
    at runWithTimeout 
[90m(file:///C:/MASTER_
DESARROLLO_CON_IA_BIGSE
O/stock-scanner/[39mno
de_modules/[4m@vitest/
runner[24m/dist/index.
js:1209:10[90m)[39m
    at [90mfile:///C:/
MASTER_DESARROLLO_CON_I
A_BIGSEO/stock-scanner/
[39mnode_modules/[4m@
vitest/runner[24m/dist
/index.js:1653:37
    at Traces.$ [90m(f
ile:///C:/MASTER_DESARR
OLLO_CON_IA_BIGSEO/stoc
k-scanner/[39mnode_mod
ules/[4mvitest[24m/di
st/chunks/traces.CCmnQa
NT.js:142:27[90m)[39m
    at trace [90m(file
:///C:/MASTER_DESARROLL
O_CON_IA_BIGSEO/stock-s
canner/[39mnode_module
s/[4mvitest[24m/dist/
chunks/test.B8ej_ZHS.js
:239:21[90m)[39m
Error scanning COL: 
Error: Network error
    at makeProvider (C:
/MASTER_DESARROLLO_CON_
IA_BIGSEO/stock-scanner
/src/tests/integration/
runScanner.test.ts:21:3
3)
    at C:/MASTER_DESARR
OLLO_CON_IA_BIGSEO/stoc
k-scanner/src/tests/int
egration/runScanner.tes
t.ts:79:39
    at [90mfile:///C:/
MASTER_DESARROLLO_CON_I
A_BIGSEO/stock-scanner/
[39mnode_modules/[4m@
vitest/runner[24m/dist
/index.js:145:11
    at [90mfile:///C:/
MASTER_DESARROLLO_CON_I
A_BIGSEO/stock-scanner/
[39mnode_modules/[4m@
vitest/runner[24m/dist
/index.js:915:26
    at [90mfile:///C:/
MASTER_DESARROLLO_CON_I
A_BIGSEO/stock-scanner/
[39mnode_modules/[4m@
vitest/runner[24m/dist
/index.js:1243:20
    at new Promise 
(<anonymous>)
    at runWithTimeout 
[90m(file:///C:/MASTER_
DESARROLLO_CON_IA_BIGSE
O/stock-scanner/[39mno
de_modules/[4m@vitest/
runner[24m/dist/index.
js:1209:10[90m)[39m
    at [90mfile:///C:/
MASTER_DESARROLLO_CON_I
A_BIGSEO/stock-scanner/
[39mnode_modules/[4m@
vitest/runner[24m/dist
/index.js:1653:37
    at Traces.$ [90m(f
ile:///C:/MASTER_DESARR
OLLO_CON_IA_BIGSEO/stoc
k-scanner/[39mnode_mod
ules/[4mvitest[24m/di
st/chunks/traces.CCmnQa
NT.js:142:27[90m)[39m
    at trace [90m(file
:///C:/MASTER_DESARROLL
O_CON_IA_BIGSEO/stock-s
canner/[39mnode_module
s/[4mvitest[24m/dist/
chunks/test.B8ej_ZHS.js
:239:21[90m)[39m
Error scanning CLNX: 
Error: Network error
    at makeProvider (C:
/MASTER_DESARROLLO_CON_
IA_BIGSEO/stock-scanner
/src/tests/integration/
runScanner.test.ts:21:3
3)
    at C:/MASTER_DESARR
OLLO_CON_IA_BIGSEO/stoc
k-scanner/src/tests/int
egration/runScanner.tes
t.ts:79:39
    at [90mfile:///C:/
MASTER_DESARROLLO_CON_I
A_BIGSEO/stock-scanner/
[39mnode_modules/[4m@
vitest/runner[24m/dist
/index.js:145:11
    at [90mfile:///C:/
MASTER_DESARROLLO_CON_I
A_BIGSEO/stock-scanner/
[39mnode_modules/[4m@
vitest/runner[24m/dist
/index.js:915:26
    at [90mfile:///C:/
MASTER_DESARROLLO_CON_I
A_BIGSEO/stock-scanner/
[39mnode_modules/[4m@
vitest/runner[24m/dist
/index.js:1243:20
    at new Promise 
(<anonymous>)
    at runWithTimeout 
[90m(file:///C:/MASTER_
DESARROLLO_CON_IA_BIGSE
O/stock-scanner/[39mno
de_modules/[4m@vitest/
runner[24m/dist/index.
js:1209:10[90m)[39m
    at [90mfile:///C:/
MASTER_DESARROLLO_CON_I
A_BIGSEO/stock-scanner/
[39mnode_modules/[4m@
vitest/runner[24m/dist
/index.js:1653:37
    at Traces.$ [90m(f
ile:///C:/MASTER_DESARR
OLLO_CON_IA_BIGSEO/stoc
k-scanner/[39mnode_mod
ules/[4mvitest[24m/di
st/chunks/traces.CCmnQa
NT.js:142:27[90m)[39m
    at trace [90m(file
:///C:/MASTER_DESARROLL
O_CON_IA_BIGSEO/stock-s
canner/[39mnode_module
s/[4mvitest[24m/dist/
chunks/test.B8ej_ZHS.js
:239:21[90m)[39m
Error scanning MRL: 
Error: Network error
    at makeProvider (C:
/MASTER_DESARROLLO_CON_
IA_BIGSEO/stock-scanner
/src/tests/integration/
runScanner.test.ts:21:3
3)
    at C:/MASTER_DESARR
OLLO_CON_IA_BIGSEO/stoc
k-scanner/src/tests/int
egration/runScanner.tes
t.ts:79:39
    at [90mfile:///C:/
MASTER_DESARROLLO_CON_I
A_BIGSEO/stock-scanner/
[39mnode_modules/[4m@
vitest/runner[24m/dist
/index.js:145:11
    at [90mfile:///C:/
MASTER_DESARROLLO_CON_I
A_BIGSEO/stock-scanner/
[39mnode_modules/[4m@
vitest/runner[24m/dist
/index.js:915:26
    at [90mfile:///C:/
MASTER_DESARROLLO_CON_I
A_BIGSEO/stock-scanner/
[39mnode_modules/[4m@
vitest/runner[24m/dist
/index.js:1243:20
    at new Promise 
(<anonymous>)
    at runWithTimeout 
[90m(file:///C:/MASTER_
DESARROLLO_CON_IA_BIGSE
O/stock-scanner/[39mno
de_modules/[4m@vitest/
runner[24m/dist/index.
js:1209:10[90m)[39m
    at [90mfile:///C:/
MASTER_DESARROLLO_CON_I
A_BIGSEO/stock-scanner/
[39mnode_modules/[4m@
vitest/runner[24m/dist
/index.js:1653:37
    at Traces.$ [90m(f
ile:///C:/MASTER_DESARR
OLLO_CON_IA_BIGSEO/stoc
k-scanner/[39mnode_mod
ules/[4mvitest[24m/di
st/chunks/traces.CCmnQa
NT.js:142:27[90m)[39m
    at trace [90m(file
:///C:/MASTER_DESARROLL
O_CON_IA_BIGSEO/stock-s
canner/[39mnode_module
s/[4mvitest[24m/dist/
chunks/test.B8ej_ZHS.js
:239:21[90m)[39m
Error scanning MEL: 
Error: Network error
    at makeProvider (C:
/MASTER_DESARROLLO_CON_
IA_BIGSEO/stock-scanner
/src/tests/integration/
runScanner.test.ts:21:3
3)
    at C:/MASTER_DESARR
OLLO_CON_IA_BIGSEO/stoc
k-scanner/src/tests/int
egration/runScanner.tes
t.ts:79:39
    at [90mfile:///C:/
MASTER_DESARROLLO_CON_I
A_BIGSEO/stock-scanner/
[39mnode_modules/[4m@
vitest/runner[24m/dist
/index.js:145:11
    at [90mfile:///C:/
MASTER_DESARROLLO_CON_I
A_BIGSEO/stock-scanner/
[39mnode_modules/[4m@
vitest/runner[24m/dist
/index.js:915:26
    at [90mfile:///C:/
MASTER_DESARROLLO_CON_I
A_BIGSEO/stock-scanner/
[39mnode_modules/[4m@
vitest/runner[24m/dist
/index.js:1243:20
    at new Promise 
(<anonymous>)
    at runWithTimeout 
[90m(file:///C:/MASTER_
DESARROLLO_CON_IA_BIGSE
O/stock-scanner/[39mno
de_modules/[4m@vitest/
runner[24m/dist/index.
js:1209:10[90m)[39m
    at [90mfile:///C:/
MASTER_DESARROLLO_CON_I
A_BIGSEO/stock-scanner/
[39mnode_modules/[4m@
vitest/runner[24m/dist
/index.js:1653:37
    at Traces.$ [90m(f
ile:///C:/MASTER_DESARR
OLLO_CON_IA_BIGSEO/stoc
k-scanner/[39mnode_mod
ules/[4mvitest[24m/di
st/chunks/traces.CCmnQa
NT.js:142:27[90m)[39m
    at trace [90m(file
:///C:/MASTER_DESARROLL
O_CON_IA_BIGSEO/stock-s
canner/[39mnode_module
s/[4mvitest[24m/dist/
chunks/test.B8ej_ZHS.js
:239:21[90m)[39m
Error scanning RED: 
Error: Network error
    at makeProvider (C:
/MASTER_DESARROLLO_CON_
IA_BIGSEO/stock-scanner
/src/tests/integration/
runScanner.test.ts:21:3
3)
    at C:/MASTER_DESARR
OLLO_CON_IA_BIGSEO/stoc
k-scanner/src/tests/int
egration/runScanner.tes
t.ts:79:39
    at [90mfile:///C:/
MASTER_DESARROLLO_CON_I
A_BIGSEO/stock-scanner/
[39mnode_modules/[4m@
vitest/runner[24m/dist
/index.js:145:11
    at [90mfile:///C:/
MASTER_DESARROLLO_CON_I
A_BIGSEO/stock-scanner/
[39mnode_modules/[4m@
vitest/runner[24m/dist
/index.js:915:26
    at [90mfile:///C:/
MASTER_DESARROLLO_CON_I
A_BIGSEO/stock-scanner/
[39mnode_modules/[4m@
vitest/runner[24m/dist
/index.js:1243:20
    at new Promise 
(<anonymous>)
    at runWithTimeout 
[90m(file:///C:/MASTER_
DESARROLLO_CON_IA_BIGSE
O/stock-scanner/[39mno
de_modules/[4m@vitest/
runner[24m/dist/index.
js:1209:10[90m)[39m
    at [90mfile:///C:/
MASTER_DESARROLLO_CON_I
A_BIGSEO/stock-scanner/
[39mnode_modules/[4m@
vitest/runner[24m/dist
/index.js:1653:37
    at Traces.$ [90m(f
ile:///C:/MASTER_DESARR
OLLO_CON_IA_BIGSEO/stoc
k-scanner/[39mnode_mod
ules/[4mvitest[24m/di
st/chunks/traces.CCmnQa
NT.js:142:27[90m)[39m
    at trace [90m(file
:///C:/MASTER_DESARROLL
O_CON_IA_BIGSEO/stock-s
canner/[39mnode_module
s/[4mvitest[24m/dist/
chunks/test.B8ej_ZHS.js
:239:21[90m)[39m
Error scanning SAB: 
Error: Network error
    at makeProvider (C:
/MASTER_DESARROLLO_CON_
IA_BIGSEO/stock-scanner
/src/tests/integration/
runScanner.test.ts:21:3
3)
    at C:/MASTER_DESARR
OLLO_CON_IA_BIGSEO/stoc
k-scanner/src/tests/int
egration/runScanner.tes
t.ts:79:39
    at [90mfile:///C:/
MASTER_DESARROLLO_CON_I
A_BIGSEO/stock-scanner/
[39mnode_modules/[4m@
vitest/runner[24m/dist
/index.js:145:11
    at [90mfile:///C:/
MASTER_DESARROLLO_CON_I
A_BIGSEO/stock-scanner/
[39mnode_modules/[4m@
vitest/runner[24m/dist
/index.js:915:26
    at [90mfile:///C:/
MASTER_DESARROLLO_CON_I
A_BIGSEO/stock-scanner/
[39mnode_modules/[4m@
vitest/runner[24m/dist
/index.js:1243:20
    at new Promise 
(<anonymous>)
    at runWithTimeout 
[90m(file:///C:/MASTER_
DESARROLLO_CON_IA_BIGSE
O/stock-scanner/[39mno
de_modules/[4m@vitest/
runner[24m/dist/index.
js:1209:10[90m)[39m
    at [90mfile:///C:/
MASTER_DESARROLLO_CON_I
A_BIGSEO/stock-scanner/
[39mnode_modules/[4m@
vitest/runner[24m/dist
/index.js:1653:37
    at Traces.$ [90m(f
ile:///C:/MASTER_DESARR
OLLO_CON_IA_BIGSEO/stoc
k-scanner/[39mnode_mod
ules/[4mvitest[24m/di
st/chunks/traces.CCmnQa
NT.js:142:27[90m)[39m
    at trace [90m(file
:///C:/MASTER_DESARROLL
O_CON_IA_BIGSEO/stock-s
canner/[39mnode_module
s/[4mvitest[24m/dist/
chunks/test.B8ej_ZHS.js
:239:21[90m)[39m
Error scanning SCYR: 
Error: Network error
    at makeProvider (C:
/MASTER_DESARROLLO_CON_
IA_BIGSEO/stock-scanner
/src/tests/integration/
runScanner.test.ts:21:3
3)
    at C:/MASTER_DESARR
OLLO_CON_IA_BIGSEO/stoc
k-scanner/src/tests/int
egration/runScanner.tes
t.ts:79:39
    at [90mfile:///C:/
MASTER_DESARROLLO_CON_I
A_BIGSEO/stock-scanner/
[39mnode_modules/[4m@
vitest/runner[24m/dist
/index.js:145:11
    at [90mfile:///C:/
MASTER_DESARROLLO_CON_I
A_BIGSEO/stock-scanner/
[39mnode_modules/[4m@
vitest/runner[24m/dist
/index.js:915:26
    at [90mfile:///C:/
MASTER_DESARROLLO_CON_I
A_BIGSEO/stock-scanner/
[39mnode_modules/[4m@
vitest/runner[24m/dist
/index.js:1243:20
    at new Promise 
(<anonymous>)
    at runWithTimeout 
[90m(file:///C:/MASTER_
DESARROLLO_CON_IA_BIGSE
O/stock-scanner/[39mno
de_modules/[4m@vitest/
runner[24m/dist/index.
js:1209:10[90m)[39m
    at [90mfile:///C:/
MASTER_DESARROLLO_CON_I
A_BIGSEO/stock-scanner/
[39mnode_modules/[4m@
vitest/runner[24m/dist
/index.js:1653:37
    at Traces.$ [90m(f
ile:///C:/MASTER_DESARR
OLLO_CON_IA_BIGSEO/stoc
k-scanner/[39mnode_mod
ules/[4mvitest[24m/di
st/chunks/traces.CCmnQa
NT.js:142:27[90m)[39m
    at trace [90m(file
:///C:/MASTER_DESARROLL
O_CON_IA_BIGSEO/stock-s
canner/[39mnode_module
s/[4mvitest[24m/dist/
chunks/test.B8ej_ZHS.js
:239:21[90m)[39m
Error scanning SLR: 
Error: Network error
    at makeProvider (C:
/MASTER_DESARROLLO_CON_
IA_BIGSEO/stock-scanner
/src/tests/integration/
runScanner.test.ts:21:3
3)
    at C:/MASTER_DESARR
OLLO_CON_IA_BIGSEO/stoc
k-scanner/src/tests/int
egration/runScanner.tes
t.ts:79:39
    at [90mfile:///C:/
MASTER_DESARROLLO_CON_I
A_BIGSEO/stock-scanner/
[39mnode_modules/[4m@
vitest/runner[24m/dist
/index.js:145:11
    at [90mfile:///C:/
MASTER_DESARROLLO_CON_I
A_BIGSEO/stock-scanner/
[39mnode_modules/[4m@
vitest/runner[24m/dist
/index.js:915:26
    at [90mfile:///C:/
MASTER_DESARROLLO_CON_I
A_BIGSEO/stock-scanner/
[39mnode_modules/[4m@
vitest/runner[24m/dist
/index.js:1243:20
    at new Promise 
(<anonymous>)
    at runWithTimeout 
[90m(file:///C:/MASTER_
DESARROLLO_CON_IA_BIGSE
O/stock-scanner/[39mno
de_modules/[4m@vitest/
runner[24m/dist/index.
js:1209:10[90m)[39m
    at [90mfile:///C:/
MASTER_DESARROLLO_CON_I
A_BIGSEO/stock-scanner/
[39mnode_modules/[4m@
vitest/runner[24m/dist
/index.js:1653:37
    at Traces.$ [90m(f
ile:///C:/MASTER_DESARR
OLLO_CON_IA_BIGSEO/stoc
k-scanner/[39mnode_mod
ules/[4mvitest[24m/di
st/chunks/traces.CCmnQa
NT.js:142:27[90m)[39m
    at trace [90m(file
:///C:/MASTER_DESARROLL
O_CON_IA_BIGSEO/stock-s
canner/[39mnode_module
s/[4mvitest[24m/dist/
chunks/test.B8ej_ZHS.js
:239:21[90m)[39m
Error scanning LGT: 
Error: Network error
    at makeProvider (C:
/MASTER_DESARROLLO_CON_
IA_BIGSEO/stock-scanner
/src/tests/integration/
runScanner.test.ts:21:3
3)
    at C:/MASTER_DESARR
OLLO_CON_IA_BIGSEO/stoc
k-scanner/src/tests/int
egration/runScanner.tes
t.ts:79:39
    at [90mfile:///C:/
MASTER_DESARROLLO_CON_I
A_BIGSEO/stock-scanner/
[39mnode_modules/[4m@
vitest/runner[24m/dist
/index.js:145:11
    at [90mfile:///C:/
MASTER_DESARROLLO_CON_I
A_BIGSEO/stock-scanner/
[39mnode_modules/[4m@
vitest/runner[24m/dist
/index.js:915:26
    at [90mfile:///C:/
MASTER_DESARROLLO_CON_I
A_BIGSEO/stock-scanner/
[39mnode_modules/[4m@
vitest/runner[24m/dist
/index.js:1243:20
    at new Promise 
(<anonymous>)
    at runWithTimeout 
[90m(file:///C:/MASTER_
DESARROLLO_CON_IA_BIGSE
O/stock-scanner/[39mno
de_modules/[4m@vitest/
runner[24m/dist/index.
js:1209:10[90m)[39m
    at [90mfile:///C:/
MASTER_DESARROLLO_CON_I
A_BIGSEO/stock-scanner/
[39mnode_modules/[4m@
vitest/runner[24m/dist
/index.js:1653:37
    at Traces.$ [90m(f
ile:///C:/MASTER_DESARR
OLLO_CON_IA_BIGSEO/stoc
k-scanner/[39mnode_mod
ules/[4mvitest[24m/di
st/chunks/traces.CCmnQa
NT.js:142:27[90m)[39m
    at trace [90m(file
:///C:/MASTER_DESARROLL
O_CON_IA_BIGSEO/stock-s
canner/[39mnode_module
s/[4mvitest[24m/dist/
chunks/test.B8ej_ZHS.js
:239:21[90m)[39m
Error scanning NTGY: 
Error: Network error
    at makeProvider (C:
/MASTER_DESARROLLO_CON_
IA_BIGSEO/stock-scanner
/src/tests/integration/
runScanner.test.ts:21:3
3)
    at C:/MASTER_DESARR
OLLO_CON_IA_BIGSEO/stoc
k-scanner/src/tests/int
egration/runScanner.tes
t.ts:79:39
    at [90mfile:///C:/
MASTER_DESARROLLO_CON_I
A_BIGSEO/stock-scanner/
[39mnode_modules/[4m@
vitest/runner[24m/dist
/index.js:145:11
    at [90mfile:///C:/
MASTER_DESARROLLO_CON_I
A_BIGSEO/stock-scanner/
[39mnode_modules/[4m@
vitest/runner[24m/dist
/index.js:915:26
    at [90mfile:///C:/
MASTER_DESARROLLO_CON_I
A_BIGSEO/stock-scanner/
[39mnode_modules/[4m@
vitest/runner[24m/dist
/index.js:1243:20
    at new Promise 
(<anonymous>)
    at runWithTimeout 
[90m(file:///C:/MASTER_
DESARROLLO_CON_IA_BIGSE
O/stock-scanner/[39mno
de_modules/[4m@vitest/
runner[24m/dist/index.
js:1209:10[90m)[39m
    at [90mfile:///C:/
MASTER_DESARROLLO_CON_I
A_BIGSEO/stock-scanner/
[39mnode_modules/[4m@
vitest/runner[24m/dist
/index.js:1653:37
    at Traces.$ [90m(f
ile:///C:/MASTER_DESARR
OLLO_CON_IA_BIGSEO/stoc
k-scanner/[39mnode_mod
ules/[4mvitest[24m/di
st/chunks/traces.CCmnQa
NT.js:142:27[90m)[39m
    at trace [90m(file
:///C:/MASTER_DESARROLL
O_CON_IA_BIGSEO/stock-s
canner/[39mnode_module
s/[4mvitest[24m/dist/
chunks/test.B8ej_ZHS.js
:239:21[90m)[39m
Error scanning UNI: 
Error: Network error
    at makeProvider (C:
/MASTER_DESARROLLO_CON_
IA_BIGSEO/stock-scanner
/src/tests/integration/
runScanner.test.ts:21:3
3)
    at C:/MASTER_DESARR
OLLO_CON_IA_BIGSEO/stoc
k-scanner/src/tests/int
egration/runScanner.tes
t.ts:79:39
    at [90mfile:///C:/
MASTER_DESARROLLO_CON_I
A_BIGSEO/stock-scanner/
[39mnode_modules/[4m@
vitest/runner[24m/dist
/index.js:145:11
    at [90mfile:///C:/
MASTER_DESARROLLO_CON_I
A_BIGSEO/stock-scanner/
[39mnode_modules/[4m@
vitest/runner[24m/dist
/index.js:915:26
    at [90mfile:///C:/
MASTER_DESARROLLO_CON_I
A_BIGSEO/stock-scanner/
[39mnode_modules/[4m@
vitest/runner[24m/dist
/index.js:1243:20
    at new Promise 
(<anonymous>)
    at runWithTimeout 
[90m(file:///C:/MASTER_
DESARROLLO_CON_IA_BIGSE
O/stock-scanner/[39mno
de_modules/[4m@vitest/
runner[24m/dist/index.
js:1209:10[90m)[39m
    at [90mfile:///C:/
MASTER_DESARROLLO_CON_I
A_BIGSEO/stock-scanner/
[39mnode_modules/[4m@
vitest/runner[24m/dist
/index.js:1653:37
    at Traces.$ [90m(f
ile:///C:/MASTER_DESARR
OLLO_CON_IA_BIGSEO/stoc
k-scanner/[39mnode_mod
ules/[4mvitest[24m/di
st/chunks/traces.CCmnQa
NT.js:142:27[90m)[39m
    at trace [90m(file
:///C:/MASTER_DESARROLL
O_CON_IA_BIGSEO/stock-s
canner/[39mnode_module
s/[4mvitest[24m/dist/
chunks/test.B8ej_ZHS.js
:239:21[90m)[39m
Error scanning PHM: 
Error: Network error
    at makeProvider (C:
/MASTER_DESARROLLO_CON_
IA_BIGSEO/stock-scanner
/src/tests/integration/
runScanner.test.ts:21:3
3)
    at C:/MASTER_DESARR
OLLO_CON_IA_BIGSEO/stoc
k-scanner/src/tests/int
egration/runScanner.tes
t.ts:79:39
    at [90mfile:///C:/
MASTER_DESARROLLO_CON_I
A_BIGSEO/stock-scanner/
[39mnode_modules/[4m@
vitest/runner[24m/dist
/index.js:145:11
    at [90mfile:///C:/
MASTER_DESARROLLO_CON_I
A_BIGSEO/stock-scanner/
[39mnode_modules/[4m@
vitest/runner[24m/dist
/index.js:915:26
    at [90mfile:///C:/
MASTER_DESARROLLO_CON_I
A_BIGSEO/stock-scanner/
[39mnode_modules/[4m@
vitest/runner[24m/dist
/index.js:1243:20
    at new Promise 
(<anonymous>)
    at runWithTimeout 
[90m(file:///C:/MASTER_
DESARROLLO_CON_IA_BIGSE
O/stock-scanner/[39mno
de_modules/[4m@vitest/
runner[24m/dist/index.
js:1209:10[90m)[39m
    at [90mfile:///C:/
MASTER_DESARROLLO_CON_I
A_BIGSEO/stock-scanner/
[39mnode_modules/[4m@
vitest/runner[24m/dist
/index.js:1653:37
    at Traces.$ [90m(f
ile:///C:/MASTER_DESARR
OLLO_CON_IA_BIGSEO/stoc
k-scanner/[39mnode_mod
ules/[4mvitest[24m/di
st/chunks/traces.CCmnQa
NT.js:142:27[90m)[39m
    at trace [90m(file
:///C:/MASTER_DESARROLL
O_CON_IA_BIGSEO/stock-s
canner/[39mnode_module
s/[4mvitest[24m/dist/
chunks/test.B8ej_ZHS.js
:239:21[90m)[39m
Error scanning FDR: 
Error: Network error
    at makeProvider (C:
/MASTER_DESARROLLO_CON_
IA_BIGSEO/stock-scanner
/src/tests/integration/
runScanner.test.ts:21:3
3)
    at C:/MASTER_DESARR
OLLO_CON_IA_BIGSEO/stoc
k-scanner/src/tests/int
egration/runScanner.tes
t.ts:79:39
    at [90mfile:///C:/
MASTER_DESARROLLO_CON_I
A_BIGSEO/stock-scanner/
[39mnode_modules/[4m@
vitest/runner[24m/dist
/index.js:145:11
    at [90mfile:///C:/
MASTER_DESARROLLO_CON_I
A_BIGSEO/stock-scanner/
[39mnode_modules/[4m@
vitest/runner[24m/dist
/index.js:915:26
    at [90mfile:///C:/
MASTER_DESARROLLO_CON_I
A_BIGSEO/stock-scanner/
[39mnode_modules/[4m@
vitest/runner[24m/dist
/index.js:1243:20
    at new Promise 
(<anonymous>)
    at runWithTimeout 
[90m(file:///C:/MASTER_
DESARROLLO_CON_IA_BIGSE
O/stock-scanner/[39mno
de_modules/[4m@vitest/
runner[24m/dist/index.
js:1209:10[90m)[39m
    at [90mfile:///C:/
MASTER_DESARROLLO_CON_I
A_BIGSEO/stock-scanner/
[39mnode_modules/[4m@
vitest/runner[24m/dist
/index.js:1653:37
    at Traces.$ [90m(f
ile:///C:/MASTER_DESARR
OLLO_CON_IA_BIGSEO/stoc
k-scanner/[39mnode_mod
ules/[4mvitest[24m/di
st/chunks/traces.CCmnQa
NT.js:142:27[90m)[39m
    at trace [90m(file
:///C:/MASTER_DESARROLL
O_CON_IA_BIGSEO/stock-s
canner/[39mnode_module
s/[4mvitest[24m/dist/
chunks/test.B8ej_ZHS.js
:239:21[90m)[39m
Error scanning ANA: 
Error: Network error
    at makeProvider (C:
/MASTER_DESARROLLO_CON_
IA_BIGSEO/stock-scanner
/src/tests/integration/
runScanner.test.ts:21:3
3)
    at C:/MASTER_DESARR
OLLO_CON_IA_BIGSEO/stoc
k-scanner/src/tests/int
egration/runScanner.tes
t.ts:79:39
    at [90mfile:///C:/
MASTER_DESARROLLO_CON_I
A_BIGSEO/stock-scanner/
[39mnode_modules/[4m@
vitest/runner[24m/dist
/index.js:145:11
    at [90mfile:///C:/
MASTER_DESARROLLO_CON_I
A_BIGSEO/stock-scanner/
[39mnode_modules/[4m@
vitest/runner[24m/dist
/index.js:915:26
    at [90mfile:///C:/
MASTER_DESARROLLO_CON_I
A_BIGSEO/stock-scanner/
[39mnode_modules/[4m@
vitest/runner[24m/dist
/index.js:1243:20
    at new Promise 
(<anonymous>)
    at runWithTimeout 
[90m(file:///C:/MASTER_
DESARROLLO_CON_IA_BIGSE
O/stock-scanner/[39mno
de_modules/[4m@vitest/
runner[24m/dist/index.
js:1209:10[90m)[39m
    at [90mfile:///C:/
MASTER_DESARROLLO_CON_I
A_BIGSEO/stock-scanner/
[39mnode_modules/[4m@
vitest/runner[24m/dist
/index.js:1653:37
    at Traces.$ [90m(f
ile:///C:/MASTER_DESARR
OLLO_CON_IA_BIGSEO/stoc
k-scanner/[39mnode_mod
ules/[4mvitest[24m/di
st/chunks/traces.CCmnQa
NT.js:142:27[90m)[39m
    at trace [90m(file
:///C:/MASTER_DESARROLL
O_CON_IA_BIGSEO/stock-s
canner/[39mnode_module
s/[4mvitest[24m/dist/
chunks/test.B8ej_ZHS.js
:239:21[90m)[39m
Error scanning IDR: 
Error: Network error
    at makeProvider (C:
/MASTER_DESARROLLO_CON_
IA_BIGSEO/stock-scanner
/src/tests/integration/
runScanner.test.ts:21:3
3)
    at C:/MASTER_DESARR
OLLO_CON_IA_BIGSEO/stoc
k-scanner/src/tests/int
egration/runScanner.tes
t.ts:79:39
    at [90mfile:///C:/
MASTER_DESARROLLO_CON_I
A_BIGSEO/stock-scanner/
[39mnode_modules/[4m@
vitest/runner[24m/dist
/index.js:145:11
    at [90mfile:///C:/
MASTER_DESARROLLO_CON_I
A_BIGSEO/stock-scanner/
[39mnode_modules/[4m@
vitest/runner[24m/dist
/index.js:915:26
 [32mÔ£ô[39m src/tests/integration/runScanner.test.ts[2m > [22mrunScanner Integration[2m > [22mhappy path[2m > [22mreturns results for every stock in a known market[32m 4[2mms[22m[39m
 [32mÔ£ô[39m src/tests/integration/runScanner.test.ts[2m > [22mrunScanner Integration[2m > [22mhappy path[2m > [22mcomputes isNewAth=true when last candle beats all previous highs[32m 1[2mms[22m[39m
 [32mÔ£ô[39m src/tests/integration/runScanner.test.ts[2m > [22mrunScanner Integration[2m > [22mhappy path[2m > [22mresult rows contain required ScannerResult fields[32m 1[2mms[22m[39m
 [32mÔ£ô[39m src/tests/integration/runScanner.test.ts[2m > [22mrunScanner Integration[2m > [22merror paths[2m > [22mthrows for an unknown marketId[32m 2[2mms[22m[39m
 [32mÔ£ô[39m src/tests/integration/runScanner.test.ts[2m > [22mrunScanner Integration[2m > [22merror paths[2m > [22msilently skips stocks whose provider call throws an error[32m 7[2mms[22m[39m
 [32mÔ£ô[39m src/tests/integration/runScanner.test.ts[2m > [22mrunScanner Integration[2m > [22merror paths[2m > [22msilently skips stocks that return empty candle arrays[32m 1[2mms[22m[39m
 [32mÔ£ô[39m src/tests/integration/runScanner.test.ts[2m > [22mrunScanner Integration[2m > [22merror paths[2m > [22mfilters out stocks whose computed ATH is 0 (data error indicator)[32m 0[2mms[22m[39m
 [32mÔ£ô[39m src/tests/integration/runScanner.test.ts[2m > [22mrunScanner Integration[2m > [22mmode switching[2m > [22mpasses ath_52w mode through to computeAth without throwing[32m 0[2mms[22m[39m
    at [90mfile:///C:/
MASTER_DESARROLLO_CON_I
A_BIGSEO/stock-scanner/
[39mnode_modules/[4m@
vitest/runner[24m/dist
/index.js:1243:20
    at new Promise 
(<anonymous>)
    at runWithTimeout 
[90m(file:///C:/MASTER_
DESARROLLO_CON_IA_BIGSE
O/stock-scanner/[39mno
de_modules/[4m@vitest/
runner[24m/dist/index.
js:1209:10[90m)[39m
    at [90mfile:///C:/
MASTER_DESARROLLO_CON_I
A_BIGSEO/stock-scanner/
[39mnode_modules/[4m@
vitest/runner[24m/dist
/index.js:1653:37
    at Traces.$ [90m(f
ile:///C:/MASTER_DESARR
OLLO_CON_IA_BIGSEO/stoc
k-scanner/[39mnode_mod
ules/[4mvitest[24m/di
st/chunks/traces.CCmnQa
NT.js:142:27[90m)[39m
    at trace [90m(file
:///C:/MASTER_DESARROLL
O_CON_IA_BIGSEO/stock-s
canner/[39mnode_module
s/[4mvitest[24m/dist/
chunks/test.B8ej_ZHS.js
:239:21[90m)[39m
Error scanning ROVI: 
Error: Network error
    at makeProvider (C:
/MASTER_DESARROLLO_CON_
IA_BIGSEO/stock-scanner
/src/tests/integration/
runScanner.test.ts:21:3
3)
    at C:/MASTER_DESARR
OLLO_CON_IA_BIGSEO/stoc
k-scanner/src/tests/int
egration/runScanner.tes
t.ts:79:39
    at [90mfile:///C:/
MASTER_DESARROLLO_CON_I
A_BIGSEO/stock-scanner/
[39mnode_modules/[4m@
vitest/runner[24m/dist
/index.js:145:11
    at [90mfile:///C:/
MASTER_DESARROLLO_CON_I
A_BIGSEO/stock-scanner/
[39mnode_modules/[4m@
vitest/runner[24m/dist
/index.js:915:26
    at [90mfile:///C:/
MASTER_DESARROLLO_CON_I
A_BIGSEO/stock-scanner/
[39mnode_modules/[4m@
vitest/runner[24m/dist
/index.js:1243:20
    at new Promise 
(<anonymous>)
    at runWithTimeout 
[90m(file:///C:/MASTER_
DESARROLLO_CON_IA_BIGSE
O/stock-scanner/[39mno
de_modules/[4m@vitest/
runner[24m/dist/index.
js:1209:10[90m)[39m
    at [90mfile:///C:/
MASTER_DESARROLLO_CON_I
A_BIGSEO/stock-scanner/
[39mnode_modules/[4m@
vitest/runner[24m/dist
/index.js:1653:37
    at Traces.$ [90m(f
ile:///C:/MASTER_DESARR
OLLO_CON_IA_BIGSEO/stoc
k-scanner/[39mnode_mod
ules/[4mvitest[24m/di
st/chunks/traces.CCmnQa
NT.js:142:27[90m)[39m
    at trace [90m(file
:///C:/MASTER_DESARROLL
O_CON_IA_BIGSEO/stock-s
canner/[39mnode_module
s/[4mvitest[24m/dist/
chunks/test.B8ej_ZHS.js
:239:21[90m)[39m
Error scanning ALM: 
Error: Network error
    at makeProvider (C:
/MASTER_DESARROLLO_CON_
IA_BIGSEO/stock-scanner
/src/tests/integration/
runScanner.test.ts:21:3
3)
    at C:/MASTER_DESARR
OLLO_CON_IA_BIGSEO/stoc
k-scanner/src/tests/int
egration/runScanner.tes
t.ts:79:39
    at [90mfile:///C:/
MASTER_DESARROLLO_CON_I
A_BIGSEO/stock-scanner/
[39mnode_modules/[4m@
vitest/runner[24m/dist
/index.js:145:11
    at [90mfile:///C:/
MASTER_DESARROLLO_CON_I
A_BIGSEO/stock-scanner/
[39mnode_modules/[4m@
vitest/runner[24m/dist
/index.js:915:26
    at [90mfile:///C:/
MASTER_DESARROLLO_CON_I
A_BIGSEO/stock-scanner/
[39mnode_modules/[4m@
vitest/runner[24m/dist
/index.js:1243:20
    at new Promise 
(<anonymous>)
    at runWithTimeout 
[90m(file:///C:/MASTER_
DESARROLLO_CON_IA_BIGSE
O/stock-scanner/[39mno
de_modules/[4m@vitest/
runner[24m/dist/index.
js:1209:10[90m)[39m
    at [90mfile:///C:/
MASTER_DESARROLLO_CON_I
A_BIGSEO/stock-scanner/
[39mnode_modules/[4m@
vitest/runner[24m/dist
/index.js:1653:37
    at Traces.$ [90m(f
ile:///C:/MASTER_DESARR
OLLO_CON_IA_BIGSEO/stoc
k-scanner/[39mnode_mod
ules/[4mvitest[24m/di
st/chunks/traces.CCmnQa
NT.js:142:27[90m)[39m
    at trace [90m(file
:///C:/MASTER_DESARROLL
O_CON_IA_BIGSEO/stock-s
canner/[39mnode_module
s/[4mvitest[24m/dist/
chunks/test.B8ej_ZHS.js
:239:21[90m)[39m

[90mstderr[2m | src/t
ests/integration/runSca
nner.test.ts[2m > 
[22m[2mrunScanner 
Integration[2m > 
[22m[2merror 
paths[2m > 
[22m[2msilently 
skips stocks that 
return empty candle 
arrays
[22m[39mNo candle 
data for ^IBEX
No candle data for SAN
No candle data for BBVA
No candle data for IBE
No candle data for ITX
No candle data for TEF
No candle data for REP
No candle data for CABK
No candle data for ACS
No candle data for FER
No candle data for ENG
No candle data for IAG
No candle data for ELE
No candle data for AENA
No candle data for MAP
No candle data for GRF
No candle data for ACX
No candle data for AMS
No candle data for BKT
No candle data for COL
No candle data for CLNX
No candle data for MRL
No candle data for MEL
No candle data for RED
No candle data for SAB
No candle data for SCYR
No candle data for SLR
No candle data for LGT
No candle data for NTGY
No candle data for UNI
No candle data for PHM
No candle data for FDR
No candle data for ANA
No candle data for IDR
No candle data for ROVI
No candle data for ALM


[2m Test Files [22m [1m[32m1 passed[39m[22m[90m (1)[39m
[2m      Tests [22m [1m[32m8 passed[39m[22m[90m (8)[39m
[2m   Start at [22m 05:28:24
[2m   Duration [22m 2.02s[2m (transform 103ms, setup 314ms, import 90ms, tests 17ms, environment 1.30s)[22m

